// Jest Snapshot v1, https://goo.gl/fbAQLP

exports[`NavBar Component NavBar Snapshot Test 1`] = `
<div
  className="menuContainer"
>
  <div
    className="navMenu fadeMenuHidden"
  >
    <div
      className="linkContainer"
    >
      <NavLink
        className="navLink"
        onClick={[Function]}
        to="/"
      >
        Home
      </NavLink>
    </div>
    <span
      className="linkBullet"
    >
      •
    </span>
    <div
      className="linkContainer"
    >
      <NavLink
        className="navLink"
        onClick={[Function]}
        to="/login"
      >
        Log In
      </NavLink>
    </div>
    <span
      className="linkBullet"
    >
      •
    </span>
    <div
      className="linkContainer"
    >
      <NavLink
        className="navLink"
        onClick={[Function]}
        to="/register"
      >
        Sign Up
      </NavLink>
    </div>
    <span
      className="linkBullet"
    >
      •
    </span>
    <div
      className="linkContainer"
    >
      <NavLink
        className="navLink"
        onClick={[Function]}
        to="/opportunityboard"
      >
        Opportunity Board
      </NavLink>
    </div>
  </div>
  <div
    className="navBarContainer"
  >
    <NavLink
      className="logoLink"
      onClick={[Function]}
      to="/"
    >
      <img
        alt="v-able logo"
        className="mainLogo"
        src="/assets/v-able-logo.svg"
      />
      <h1
        className="navName"
      >
        v
        <span
          className="inlineBullet"
        >
          •
        </span>
        able
      </h1>
    </NavLink>
    <div
      className="hamburgerContainer"
    >
      <div
        className="burgerButton falseBurger"
        onClick={[Function]}
      >
        <span />
        <span />
        <span />
      </div>
    </div>
  </div>
</div>
`;
