// Jest Snapshot v1, https://goo.gl/fbAQLP

exports[`OpportunityPostPage Component OpportunityPostPage Snapshot Test 1`] = `
<div
  className="opportunityPostContainer"
>
  <ScrollToTopOnMount />
  <div
    className="oppPostBanner"
  >
    <h1
      className="pageHeader"
    >
      Opportunity Post.
    </h1>
    <p
      className="pageInstructions"
    >
      Fields are optional unless noted otherwise.
    </p>
  </div>
  <OpportunityPostForm />
</div>
`;
