// Jest Snapshot v1, https://goo.gl/fbAQLP

exports[`OpportunityDetailsPage Component OpportunityDetailsPage Snapshot Test 1`] = `
<div
  className="opportunityDetails"
>
  <ScrollToTopOnMount />
  <div
    className="detailsBanner"
  >
    <h1
      className="pageHeader detailsHeader"
    >
      Opportunity Details.
    </h1>
    <img
      alt="people working on a spaceship"
      className="detailsImage"
      src="/assets/board-rocket.svg"
    />
    <p
      className="pageInstructions detailsInstructions"
    >
      Login as a volunteer user to apply.
    </p>
  </div>
  <OpportunityDetails />
</div>
`;
