// Jest Snapshot v1, https://goo.gl/fbAQLP

exports[`SuccessPage Component SuccessPage Snapshot Test 1`] = `
<div
  className="successBanner"
>
  <div
    className="successImageContainer"
  >
    <img
      alt="not found"
      className="successImage"
      src="/assets/success-cloud.svg"
    />
  </div>
</div>
`;
