// Jest Snapshot v1, https://goo.gl/fbAQLP

exports[`VolunteerButton Component VolunteerButton Snapshot Test 1`] = `
<Fragment>
  <div
    className="volunteerButton"
  >
    <a
      className="volunteerLink"
      href="/success/redirect"
    >
      Login to Volunteer!
    </a>
  </div>
</Fragment>
`;
